OraQ: Release 1.0.7011.24225 - Production on 12/06/2021 08:24:19
Copyright (c) 2019 IDEA-ENVIs.r.o. - All rights reserved.

Connection Code: PHA_VIX
         Server: pr-t5cluster-scan.chmi.cz
   Service Name: CAQR.chmi.cz
        User Id: vix
 Server Version: Oracle Database 12c Enterprise Edition Release 12.1.0.2.0 - 64bit Production With the Partitioning, Real Application Clusters, Automatic Storage Management, OLAP, Advanced Analytics and Real Application Testing options
Connection time: 0.682 sec.

Start time: 2021-12-06 08:24:19

SQL> grant m_read_role to novak with admin option
[ERROR] ORA-01924: role 'M_READ_ROLE' not granted or does not exist

SQL> grant e_read_role to novak with admin option
[ERROR] ORA-01924: role 'E_READ_ROLE' not granted or does not exist

SQL> grant vix_rw_role to novak with admin option
-1 row(s), time 0.0998 sec

SQL> grant m_read_role to novakv with admin option
[ERROR] ORA-01924: role 'M_READ_ROLE' not granted or does not exist

SQL> grant e_read_role to novakv with admin option
[ERROR] ORA-01924: role 'E_READ_ROLE' not granted or does not exist

SQL> grant vix_rw_role to novakv with admin option
-1 row(s), time 0.0625 sec

SQL> drop index indx_vt_c_area_01
[ERROR] ORA-01418: specified index does not exist

SQL> drop table vix_p_primary_data
-1 row(s), time 0.7870 sec

SQL> drop table vix_s_secondary_data
-1 row(s), time 0.1380 sec

SQL> drop table vix_c_value_type
-1 row(s), time 0.1156 sec

SQL> drop table vix_c_aggreg_type
-1 row(s), time 0.1162 sec

SQL> drop table vix_c_area
-1 row(s), time 0.1316 sec

SQL> drop table vix_c_frequency_class_ome
-1 row(s), time 0.1382 sec

SQL> drop table vix_c_class_cpp
-1 row(s), time 0.1472 sec

SQL> drop table vix_c_interval
-1 row(s), time 0.1318 sec

SQL> create table vix_c_frequency_class_ome ( id number(8,0) not null , code varchar2(6) not null, name nvarchar2(80) not null, description nvarchar2(1600) not null, value_from float not null, value_to float )
-1 row(s), time 0.1379 sec

SQL> create table vix_c_class_cpp ( id number(8,0) not null , class number(2,0) not null, code varchar2(6) not null, name nvarchar2(80) not null, description nvarchar2(1600) not null )
-1 row(s), time 0.0482 sec

SQL> create table vix_c_area ( id number(8,0) not null , fixed_id number(4) not null, code varchar2(6) not null, name nvarchar2(80) not null )
-1 row(s), time 0.0521 sec

SQL> create table vix_c_aggreg_type ( id number(8,0) not null , fixed_id number(4) not null, abbrev varchar2(20) not null, name nvarchar2(80) not null, description nvarchar2(1600) not null )
-1 row(s), time 0.0467 sec

SQL> create table vix_c_value_type ( id number(8,0) not null , fixed_id number(4) not null, abbrev varchar2(20) not null, name nvarchar2(80) not null, description nvarchar2(1600) not null )
-1 row(s), time 0.0382 sec

SQL> create table vix_c_interval ( id number(8,0) not null , interval char(19) not null, abbrev varchar2(10) not null )
-1 row(s), time 0.0466 sec

SQL> create table vix_p_primary_data ( id_area number(8,0) not null , start_time date not null, id_value_type number(8,0) not null , value float not null )
-1 row(s), time 0.0381 sec

SQL> create table vix_s_secondary_data ( id_area number(8,0) not null , start_time date not null, id_interval number(8,0) not null , id_aggreg_type number(8,0) not null , value float not null )
-1 row(s), time 0.0627 sec

SQL> alter table vix_c_value_type add constraint pk_c_value_type primary key (id)
-1 row(s), time 0.1002 sec

SQL> alter table vix_c_aggreg_type add constraint pk_c_aggreg_type primary key (id)
-1 row(s), time 0.0537 sec

SQL> alter table vix_c_area add constraint pk_c_area primary key (id)
-1 row(s), time 0.0631 sec

SQL> alter table vix_c_frequency_class_ome add constraint pk_c_frequency_class_ome primary key (id)
-1 row(s), time 0.0367 sec

SQL> alter table vix_c_class_cpp add constraint pk_vix_c_class_cpp primary key (id)
-1 row(s), time 0.0625 sec

SQL> alter table vix_c_interval add constraint pk_c_interval primary key (id)
-1 row(s), time 0.0534 sec

SQL> alter table vix_p_primary_data add constraint pk_p_primary_data primary key (id_area,start_time,id_value_type)
-1 row(s), time 0.0625 sec

SQL> alter table vix_s_secondary_data add constraint pk_s_secondary_data primary key (id_area,start_time,id_interval,id_aggreg_type)
-1 row(s), time 0.0393 sec

SQL> create unique index indx_vix_c_frequency_class_ome on vix_c_frequency_class_ome (code)
-1 row(s), time 0.0469 sec

SQL> create unique index indx_vix_c_class_cpp_01 on vix_c_class_cpp (class)
-1 row(s), time 0.0363 sec

SQL> create unique index indx_vix_c_class_cpp_02 on vix_c_class_cpp (code)
-1 row(s), time 0.0313 sec

SQL> create unique index indx_vix_c_area_01 on vix_c_area (fixed_id)
-1 row(s), time 0.0534 sec

SQL> create unique index indx_vix_c_area_02 on vix_c_area (code)
-1 row(s), time 0.0313 sec

SQL> create unique index indx_vix_c_aggreg_type on vix_c_aggreg_type (fixed_id)
-1 row(s), time 0.0482 sec

SQL> create unique index indx_vix_c_value_type on vix_c_value_type (fixed_id)
-1 row(s), time 0.0363 sec

SQL> create unique index indx_vix_c_interval_01 on vix_c_interval (interval)
-1 row(s), time 0.0469 sec

SQL> create unique index indx_vix_c_interval_02 on vix_c_interval (abbrev)
-1 row(s), time 0.0313 sec

SQL> alter table vix_p_primary_data add constraint fk_p_primary_data_01 foreign key (id_area) references vix_c_area (id)
-1 row(s), time 0.0378 sec

SQL> alter table vix_p_primary_data add constraint fk_p_primary_data_03 foreign key (id_value_type) references vix_c_value_type (id)
-1 row(s), time 0.0469 sec

SQL> alter table vix_s_secondary_data add constraint fk_s_secondary_data_01 foreign key (id_area) references vix_c_area (id)
-1 row(s), time 0.0534 sec

SQL> alter table vix_s_secondary_data add constraint fk_s_secondary_data_02 foreign key (id_interval) references vix_c_interval (id)
-1 row(s), time 0.0469 sec

SQL> alter table vix_s_secondary_data add constraint fk_s_secondary_data_03 foreign key (id_aggreg_type) references vix_c_aggreg_type (id)
-1 row(s), time 0.0378 sec

SQL> grant select,insert,update,delete on vix_p_primary_data to vix_rw_role
-1 row(s), time 0.0625 sec

SQL> grant select,insert,update,delete on vix_s_secondary_data to vix_rw_role
-1 row(s), time 0.0534 sec

SQL> grant select,insert,update,delete on vix_c_value_type to vix_rw_role
-1 row(s), time 0.0482 sec

SQL> grant select,insert,update,delete on vix_c_aggreg_type to vix_rw_role
-1 row(s), time 0.0519 sec

SQL> grant select,insert,update,delete on vix_c_area to vix_rw_role
-1 row(s), time 0.0469 sec

SQL> grant select,insert,update,delete on vix_c_frequency_class_ome to vix_rw_role
-1 row(s), time 0.0378 sec

SQL> grant select,insert,update,delete on vix_c_class_cpp to vix_rw_role
-1 row(s), time 0.0469 sec

SQL> grant select,insert,update,delete on vix_c_interval to vix_rw_role
-1 row(s), time 0.0534 sec

SQL> exit

End time: 2021-12-06 08:24:24 (elapsed: 0:4.150 sec)
